src/theme/theme.ts(51,23): error TS7053: Element implicitly has an 'any' type because expression of type '300' can't be used to index type '{ readonly 400: "#34D399"; readonly 500: "#10B981"; readonly 600: "#059669"; }'.
  Property '300' does not exist on type '{ readonly 400: "#34D399"; readonly 500: "#10B981"; readonly 600: "#059669"; }'.
src/theme/ThemeContext.tsx(27,9): error TS2322: Type '{ readonly colors: { readonly background: "#F0EFF5"; readonly surface: "#FFFFFF"; readonly surfaceElevated: "rgba(255,255,255,0.85)"; readonly textPrimary: "#1a1030"; readonly textSecondary: "#6B7280"; ... 18 more ...; readonly cardAr: { ...; }; }; ... 4 more ...; readonly gradients: { ...; }; } | { ...; }' is not assignable to type '{ readonly colors: { readonly background: "#F0EFF5"; readonly surface: "#FFFFFF"; readonly surfaceElevated: "rgba(255,255,255,0.85)"; readonly textPrimary: "#1a1030"; readonly textSecondary: "#6B7280"; ... 18 more ...; readonly cardAr: { ...; }; }; ... 4 more ...; readonly gradients: { ...; }; }'.
  Type '{ readonly colors: { readonly background: "#0d0b1a"; readonly surface: "#1a1730"; readonly surfaceElevated: "rgba(255,255,255,0.06)"; readonly textPrimary: "#F9FAFB"; readonly textSecondary: "#D1D5DB"; ... 18 more ...; readonly cardAr: { ...; }; }; ... 4 more ...; readonly gradients: { ...; }; }' is not assignable to type '{ readonly colors: { readonly background: "#F0EFF5"; readonly surface: "#FFFFFF"; readonly surfaceElevated: "rgba(255,255,255,0.85)"; readonly textPrimary: "#1a1030"; readonly textSecondary: "#6B7280"; ... 18 more ...; readonly cardAr: { ...; }; }; ... 4 more ...; readonly gradients: { ...; }; }'.
    The types of 'colors.background' are incompatible between these types.
      Type '"#0d0b1a"' is not assignable to type '"#F0EFF5"'.
